
Cadence Innovus(TM) Implementation System.
Copyright 2020 Cadence Design Systems, Inc. All rights reserved worldwide.

Version:	v20.10-p004_1, built Thu May 7 20:02:41 PDT 2020
Options:	-files run_pnr.tcl 
Date:		Sat Apr 25 02:12:50 2026
Host:		vlsicad.ecs.umass.edu (x86_64 w/Linux 4.18.0-553.16.1.el8_10.x86_64) (16cores*64cpus*Intel(R) Xeon(R) Silver 4216 CPU @ 2.10GHz 22528KB)
OS:		Red Hat Enterprise Linux release 8.10 (Ootpa)

License:
		invs	Innovus Implementation System	20.1	checkout succeeded
		8 CPU jobs allowed with the current license(s). Use setMultiCpuUsage to set your required CPU count.
**ERROR: (IMPOAX-142):	Could not open shared library libinnovusoax22.so : /opt/cadence/innovus20/tools.lnx86/lib/64bit/libstdc++.so.6: version `GLIBCXX_3.4.31' not found (required by /opt/cadence/ic251_hotfix/install/oa_v22.62.011/lib/linux_rhel80_64/opt/liboaDesign.so)

**ERROR: (IMPOAX-142):	Could not open shared library libcdsSkillPcell.so : /opt/cadence/innovus20/tools.lnx86/lib/64bit/libcdsSkillPcell.so: undefined symbol: _ZTIN12OpenAccess_413oaFSComponentE

**ERROR: (IMPOAX-142):	OA features will be disabled in this session.

**WARN: (IMPOPT-801):	Genus executable not found in PATH. Install Genus, add the path to the genus executable in the PATH variable and rerun Innovus.
Change the soft stacksize limit to 0.2%RAM (514 mbytes). Set global soft_stack_size_limit to change the value.
**INFO (INTERRUPT): One more Ctrl-C to exit Innovus ...

**INFO:  MMMC transition support version v31-84 

Innovus terminated by user interrupt.

*** Memory Usage v#1 (Current mem = 621.398M, initial mem = 273.977M) ***
*** Message Summary: 1 warning(s), 3 error(s)

--- Ending "Innovus" (totcpu=0:00:11.4, real=0:00:25.0, mem=621.4M) ---
