/opt/synopsys/design_compiler/syn/T-2022.03-SP4/auxx/gui/dv/dv_setup.tcl
/opt/synopsys/design_compiler/syn/T-2022.03-SP4/auxx/gui/syn/snpsSynProcs.tcl
/opt/synopsys/design_compiler/syn/T-2022.03-SP4/auxx/gui/syn/layout/pkgIndex.tcl
/opt/synopsys/design_compiler/syn/T-2022.03-SP4/auxx/gui/common/3dic/pkgIndex.tcl
/opt/synopsys/design_compiler/syn/T-2022.03-SP4/auxx/gui/common/3dlayout/pkgIndex.tcl
/opt/synopsys/design_compiler/syn/T-2022.03-SP4/auxx/gui/common/3dmodel/pkgIndex.tcl
/opt/synopsys/design_compiler/syn/T-2022.03-SP4/auxx/gui/common/WindowFrameWork/pkgIndex.tcl
/opt/synopsys/design_compiler/syn/T-2022.03-SP4/auxx/gui/common/acg/pkgIndex.tcl
/opt/synopsys/design_compiler/syn/T-2022.03-SP4/auxx/gui/common/commandform/pkgIndex.tcl
/opt/synopsys/design_compiler/syn/T-2022.03-SP4/auxx/gui/common/dialogs/pkgIndex.tcl
/opt/synopsys/design_compiler/syn/T-2022.03-SP4/auxx/gui/common/docBrowser/pkgIndex.tcl
/opt/synopsys/design_compiler/syn/T-2022.03-SP4/auxx/gui/common/hierAttrView/pkgIndex.tcl
/opt/synopsys/design_compiler/syn/T-2022.03-SP4/auxx/gui/common/hierarchy/pkgIndex.tcl
/opt/synopsys/design_compiler/syn/T-2022.03-SP4/auxx/gui/common/highlight/pkgIndex.tcl
/opt/synopsys/design_compiler/syn/T-2022.03-SP4/auxx/gui/common/histogram/pkgIndex.tcl
/opt/synopsys/design_compiler/syn/T-2022.03-SP4/auxx/gui/common/layout/pkgIndex.tcl
/opt/synopsys/design_compiler/syn/T-2022.03-SP4/auxx/gui/common/libviewer/pkgIndex.tcl
/opt/synopsys/design_compiler/syn/T-2022.03-SP4/auxx/gui/common/menus/pkgIndex.tcl
/opt/synopsys/design_compiler/syn/T-2022.03-SP4/auxx/gui/common/misc/pkgIndex.tcl
/opt/synopsys/design_compiler/syn/T-2022.03-SP4/auxx/gui/common/mrupalette/pkgIndex.tcl
/opt/synopsys/design_compiler/syn/T-2022.03-SP4/auxx/gui/common/opdlg/pkgIndex.tcl
/opt/synopsys/design_compiler/syn/T-2022.03-SP4/auxx/gui/common/palettegroup/pkgIndex.tcl
/opt/synopsys/design_compiler/syn/T-2022.03-SP4/auxx/gui/common/propertyEditor/pkgIndex.tcl
/opt/synopsys/design_compiler/syn/T-2022.03-SP4/auxx/gui/common/qtcl/pkgIndex.tcl
/opt/synopsys/design_compiler/syn/T-2022.03-SP4/auxx/gui/common/regressionToolkit/pkgIndex.tcl
/opt/synopsys/design_compiler/syn/T-2022.03-SP4/auxx/gui/common/rtlxref/pkgIndex.tcl
/opt/synopsys/design_compiler/syn/T-2022.03-SP4/auxx/gui/common/schematic/pkgIndex.tcl
/opt/synopsys/design_compiler/syn/T-2022.03-SP4/auxx/gui/common/select/pkgIndex.tcl
/opt/synopsys/design_compiler/syn/T-2022.03-SP4/auxx/gui/common/setup/pkgIndex.tcl
/opt/synopsys/design_compiler/syn/T-2022.03-SP4/auxx/gui/common/strokes/pkgIndex.tcl
/opt/synopsys/design_compiler/syn/T-2022.03-SP4/auxx/gui/common/table/pkgIndex.tcl
/opt/synopsys/design_compiler/syn/T-2022.03-SP4/auxx/gui/common/taskassistant/pkgIndex.tcl
/opt/synopsys/design_compiler/syn/T-2022.03-SP4/auxx/gui/common/tcl-dp/pkgIndex.tcl
/opt/synopsys/design_compiler/syn/T-2022.03-SP4/auxx/gui/common/tiledview/pkgIndex.tcl
/opt/synopsys/design_compiler/syn/T-2022.03-SP4/auxx/gui/common/timing/pkgIndex.tcl
/opt/synopsys/design_compiler/syn/T-2022.03-SP4/auxx/gui/common/tq/pkgIndex.tcl
/opt/synopsys/design_compiler/syn/T-2022.03-SP4/auxx/gui/common/utable/pkgIndex.tcl
/opt/synopsys/design_compiler/syn/T-2022.03-SP4/auxx/gui/common/view/pkgIndex.tcl
/opt/synopsys/design_compiler/syn/T-2022.03-SP4/auxx/gui/dv/pkgIndex.tcl
/opt/synopsys/design_compiler/syn/T-2022.03-SP4/auxx/syn/lib/pkgIndex.tcl
/opt/synopsys/design_compiler/syn/T-2022.03-SP4/auxx/tcllib/lib/itcl4.2.1/pkgIndex.tcl
/opt/synopsys/design_compiler/syn/T-2022.03-SP4/auxx/tcllib/lib/iwidgets4.1/pkgIndex.tcl
/opt/synopsys/design_compiler/syn/T-2022.03-SP4/auxx/tcllib/snps_tcl/snpsTclPro/pkgIndex.tcl
/opt/synopsys/design_compiler/syn/T-2022.03-SP4/auxx/tcllib/snps_tcl/snpsTest/pkgIndex.tcl
/opt/synopsys/design_compiler/syn/T-2022.03-SP4/auxx/tcllib/snps_tcl/snpsUtils/pkgIndex.tcl
/opt/synopsys/design_compiler/syn/T-2022.03-SP4/auxx/tcllib/snps_tcl/pkgIndex.tcl
/opt/synopsys/design_compiler/syn/T-2022.03-SP4/auxx/tcllib/lib/tcl8.6/dde/pkgIndex.tcl
/opt/synopsys/design_compiler/syn/T-2022.03-SP4/auxx/tcllib/lib/tcl8.6/http/pkgIndex.tcl
/opt/synopsys/design_compiler/syn/T-2022.03-SP4/auxx/tcllib/lib/tcl8.6/http1.0/pkgIndex.tcl
/opt/synopsys/design_compiler/syn/T-2022.03-SP4/auxx/tcllib/lib/tcl8.6/msgcat/pkgIndex.tcl
/opt/synopsys/design_compiler/syn/T-2022.03-SP4/auxx/tcllib/lib/tcl8.6/opt/pkgIndex.tcl
/opt/synopsys/design_compiler/syn/T-2022.03-SP4/auxx/tcllib/lib/tcl8.6/platform/pkgIndex.tcl
/opt/synopsys/design_compiler/syn/T-2022.03-SP4/auxx/tcllib/lib/tcl8.6/reg/pkgIndex.tcl
/opt/synopsys/design_compiler/syn/T-2022.03-SP4/auxx/tcllib/lib/tcl8.6/tcltest/pkgIndex.tcl
/opt/synopsys/design_compiler/syn/T-2022.03-SP4/auxx/gui/common/setup/snpsCommonSetup.tcl
/opt/synopsys/design_compiler/syn/T-2022.03-SP4/auxx/gui/common/setup/snpsCustomize.tcl
/opt/synopsys/design_compiler/syn/T-2022.03-SP4/auxx/gui/common/setup/snpsProcheck.tcl
/opt/synopsys/design_compiler/syn/T-2022.03-SP4/auxx/gui/common/misc/base.tcl
/opt/synopsys/design_compiler/syn/T-2022.03-SP4/auxx/gui/common/misc/timing.tcl
/opt/synopsys/design_compiler/syn/T-2022.03-SP4/auxx/gui/common/misc/setting.tcl
/opt/synopsys/design_compiler/syn/T-2022.03-SP4/auxx/gui/common/misc/preset.tcl
/opt/synopsys/design_compiler/syn/T-2022.03-SP4/auxx/gui/common/WindowFrameWork/windowFrameWork.tcl
/opt/synopsys/design_compiler/syn/T-2022.03-SP4/auxx/gui/common/WindowFrameWork/skipBusyCursorCmdList.tcl
/opt/synopsys/design_compiler/syn/T-2022.03-SP4/auxx/gui/common/qtcl/.synopsys_qtcl.tcl
/opt/synopsys/design_compiler/syn/T-2022.03-SP4/auxx/gui/common/highlight/highlight.tcl
/opt/synopsys/design_compiler/syn/T-2022.03-SP4/auxx/gui/common/palettegroup/palettegroup.tcl
/opt/synopsys/design_compiler/syn/T-2022.03-SP4/auxx/gui/common/commandform/commandform.tcl
/opt/synopsys/design_compiler/syn/T-2022.03-SP4/auxx/gui/common/tiledview/tiledview.tcl
/opt/synopsys/design_compiler/syn/T-2022.03-SP4/auxx/gui/common/docBrowser/docBrowser.tcl
/opt/synopsys/design_compiler/syn/T-2022.03-SP4/auxx/tcllib/snps_tcl/snpsUtils/snpsUtils.tcl
/opt/synopsys/design_compiler/syn/T-2022.03-SP4/auxx/gui/common/dialogs/ObjectChooser.tcl
/opt/synopsys/design_compiler/syn/T-2022.03-SP4/auxx/gui/common/misc/DialogObjectChooser.tcl
/opt/synopsys/design_compiler/syn/T-2022.03-SP4/auxx/gui/common/dialogs/HistBinInformation.tcl
/opt/synopsys/design_compiler/syn/T-2022.03-SP4/auxx/gui/common/dialogs/HistBin1Information.tcl
/opt/synopsys/design_compiler/syn/T-2022.03-SP4/auxx/gui/common/dialogs/BinsOnlyInformation.tcl
/opt/synopsys/design_compiler/syn/T-2022.03-SP4/auxx/gui/common/dialogs/FileChooser.tcl
/opt/synopsys/design_compiler/syn/T-2022.03-SP4/auxx/gui/common/dialogs/PathPinSimpleInfo.tcl
/opt/synopsys/design_compiler/syn/T-2022.03-SP4/auxx/gui/common/dialogs/PathsBasicInfo.tcl
/opt/synopsys/design_compiler/syn/T-2022.03-SP4/auxx/gui/common/dialogs/PathsBasicSimpleInfo.tcl
/opt/synopsys/design_compiler/syn/T-2022.03-SP4/auxx/gui/common/dialogs/SlctOperationInfo.tcl
/opt/synopsys/design_compiler/syn/T-2022.03-SP4/auxx/gui/common/dialogs/ObjectListInfo.tcl
/opt/synopsys/design_compiler/syn/T-2022.03-SP4/auxx/gui/common/dialogs/FanInOutInfo.tcl
/opt/synopsys/design_compiler/syn/T-2022.03-SP4/auxx/gui/common/dialogs/NumberOfLevelsChooser.tcl
/opt/synopsys/design_compiler/syn/T-2022.03-SP4/auxx/gui/common/dialogs/WindowReuseInfo.tcl
/opt/synopsys/design_compiler/syn/T-2022.03-SP4/auxx/gui/common/dialogs/ReportOutputOptionInfo.tcl
/opt/synopsys/design_compiler/syn/T-2022.03-SP4/auxx/gui/common/setup/snpsCollections.tcl
/opt/synopsys/design_compiler/syn/T-2022.03-SP4/auxx/gui/common/dialogs/CompileLinkDesign.tcl
/opt/synopsys/design_compiler/syn/T-2022.03-SP4/auxx/gui/common/histogram/base.tcl
/opt/synopsys/design_compiler/syn/T-2022.03-SP4/auxx/gui/common/histogram/DialogNetCapacitance.tcl
/opt/synopsys/design_compiler/syn/T-2022.03-SP4/auxx/gui/common/schematic/DialogPathSchematicFanInOut.tcl
/opt/synopsys/design_compiler/syn/T-2022.03-SP4/auxx/gui/common/schematic/DialogPathSchematicAddPaths.tcl
